script-src player.vimeo.com
frame-src player.vimeo.com